---
source: tests/snapshots.rs
expression: dump(&entry)
---
== dark-truecolor
Codewhale / whale
Dark theme

Build with the colors already in Codewhale.


 Stage               Panel                Raised               Chrome               Selected



 Working                   Completed                 Needs you                 Failed

 Work                              Plan                               Operate

 Ask                               Auto review                        Full access

Keep the work visible. Stay in control.


────────────────────────────────────────────────────────────────────────────────────────────────────────
  Tasks 3    Fleet 2    Jobs 1    Files 3    Notes 2    Context    Git    Cost                    Esc ×
 Goal: Make the work dock reusable                                                 TODO · 1/3 · 2 left
 2 · ● Extract the native work dock                                                        in progress ┃
                                                                                              ↓ 1 more │
---
r0 c0..17 fg=Foreground bold
r0 c17..104 fg=Foreground
r1 c0..10 fg=Muted
r1 c10..104 fg=Foreground
r2 c0..104 fg=Foreground
r3 c0..104 fg=Foreground
r4 c0..104 fg=Foreground
r5 c0..41 fg=Foreground
r5 c41..62 fg=Foreground bg=Hover
r5 c62..83 fg=Foreground
r5 c83..104 fg=Foreground bg=Selected
r6 c0..41 fg=Foreground
r6 c41..62 fg=Foreground bg=Hover
r6 c62..83 fg=Foreground
r6 c83..104 fg=Foreground bg=Selected
r7 c0..41 fg=Foreground
r7 c41..62 fg=Foreground bg=Hover
r7 c62..83 fg=Foreground
r7 c83..104 fg=Foreground bg=Selected
r8 c0..104 fg=Foreground
r9 c0..104 fg=Foreground
r10 c0..1 fg=Foreground
r10 c1..8 fg=Live
r10 c8..27 fg=Foreground
r10 c27..36 fg=#9bd66f
r10 c36..53 fg=Foreground
r10 c53..62 fg=#ff7a59
r10 c62..79 fg=Foreground
r10 c79..85 fg=Danger
r10 c85..104 fg=Foreground
r11 c0..104 fg=Foreground
r12 c0..1 fg=Foreground
r12 c1..5 fg=#7eb4e8
r12 c5..35 fg=Foreground
r12 c35..39 fg=#b9dcec
r12 c39..70 fg=Foreground
r12 c70..77 fg=#ad88ff
r12 c77..104 fg=Foreground
r13 c0..104 fg=Foreground
r14 c0..1 fg=Foreground
r14 c1..4 fg=#e09948
r14 c4..35 fg=Foreground
r14 c35..46 fg=Attention
r14 c46..70 fg=Foreground
r14 c70..81 fg=#ff7a59
r14 c81..104 fg=Foreground
r15 c0..104 fg=Foreground
r16 c0..39 fg=BorderStrong
r16 c39..104 fg=Foreground
r17 c0..104 fg=Foreground
r18 c0..104 fg=Foreground
r19 c0..104 fg=Border
r20 c0..1 fg=Foreground
r20 c1..10 fg=Foreground bg=Selected bold
r20 c10..12 fg=Foreground
r20 c12..21 fg=Muted
r20 c21..23 fg=Foreground
r20 c23..31 fg=Muted
r20 c31..33 fg=Foreground
r20 c33..42 fg=Muted
r20 c42..44 fg=Foreground
r20 c44..53 fg=Muted
r20 c53..55 fg=Foreground
r20 c55..64 fg=Muted
r20 c64..66 fg=Foreground
r20 c66..71 fg=Muted
r20 c71..73 fg=Foreground
r20 c73..79 fg=Muted
r20 c79..97 fg=Foreground
r20 c97..104 fg=Hint|Dim
r21 c0..1 fg=Foreground
r21 c1..34 fg=Live bold
r21 c34..102 fg=Muted
r21 c102..104 fg=Foreground
r22 c0..1 fg=Foreground
r22 c1..102 fg=Live bg=Selected bold
r22 c102..103 fg=Foreground
r22 c103..104 fg=Live
r23 c0..1 fg=Foreground
r23 c1..102 fg=Muted
r23 c102..103 fg=Foreground
r23 c103..104 fg=Border

== dark-graphite
Codewhale / whale
Dark theme

Build with the colors already in Codewhale.


 Stage               Panel                Raised               Chrome               Selected



 Working                   Completed                 Needs you                 Failed

 Work                              Plan                               Operate

 Ask                               Auto review                        Full access

Keep the work visible. Stay in control.


────────────────────────────────────────────────────────────────────────────────────────────────────────
  Tasks 3    Fleet 2    Jobs 1    Files 3    Notes 2    Context    Git    Cost                    Esc ×
 Goal: Make the work dock reusable                                                 TODO · 1/3 · 2 left
 2 · ● Extract the native work dock                                                        in progress ┃
                                                                                              ↓ 1 more │
---
r0 c0..17 fg=Foreground bold
r0 c17..104 fg=Foreground
r1 c0..10 fg=Muted
r1 c10..104 fg=Foreground
r2 c0..104 fg=Foreground
r3 c0..104 fg=Foreground
r4 c0..104 fg=Foreground
r5 c0..41 fg=Foreground
r5 c41..62 fg=Foreground bg=Hover
r5 c62..83 fg=Foreground
r5 c83..104 fg=Foreground bg=Selected
r6 c0..41 fg=Foreground
r6 c41..62 fg=Foreground bg=Hover
r6 c62..83 fg=Foreground
r6 c83..104 fg=Foreground bg=Selected
r7 c0..41 fg=Foreground
r7 c41..62 fg=Foreground bg=Hover
r7 c62..83 fg=Foreground
r7 c83..104 fg=Foreground bg=Selected
r8 c0..104 fg=Foreground
r9 c0..104 fg=Foreground
r10 c0..1 fg=Foreground
r10 c1..8 fg=Live
r10 c8..27 fg=Foreground
r10 c27..36 fg=#9bd66f
r10 c36..53 fg=Foreground
r10 c53..62 fg=#ff7a59
r10 c62..79 fg=Foreground
r10 c79..85 fg=Danger
r10 c85..104 fg=Foreground
r11 c0..104 fg=Foreground
r12 c0..1 fg=Foreground
r12 c1..5 fg=#7eb4e8
r12 c5..35 fg=Foreground
r12 c35..39 fg=#b9dcec
r12 c39..70 fg=Foreground
r12 c70..77 fg=#ad88ff
r12 c77..104 fg=Foreground
r13 c0..104 fg=Foreground
r14 c0..1 fg=Foreground
r14 c1..4 fg=#e09948
r14 c4..35 fg=Foreground
r14 c35..46 fg=Attention
r14 c46..70 fg=Foreground
r14 c70..81 fg=#ff7a59
r14 c81..104 fg=Foreground
r15 c0..104 fg=Foreground
r16 c0..39 fg=BorderStrong
r16 c39..104 fg=Foreground
r17 c0..104 fg=Foreground
r18 c0..104 fg=Foreground
r19 c0..104 fg=Border
r20 c0..1 fg=Foreground
r20 c1..10 fg=Foreground bg=Selected bold
r20 c10..12 fg=Foreground
r20 c12..21 fg=Muted
r20 c21..23 fg=Foreground
r20 c23..31 fg=Muted
r20 c31..33 fg=Foreground
r20 c33..42 fg=Muted
r20 c42..44 fg=Foreground
r20 c44..53 fg=Muted
r20 c53..55 fg=Foreground
r20 c55..64 fg=Muted
r20 c64..66 fg=Foreground
r20 c66..71 fg=Muted
r20 c71..73 fg=Foreground
r20 c73..79 fg=Muted
r20 c79..97 fg=Foreground
r20 c97..104 fg=Hint|Dim
r21 c0..1 fg=Foreground
r21 c1..34 fg=Live bold
r21 c34..102 fg=Muted
r21 c102..104 fg=Foreground
r22 c0..1 fg=Foreground
r22 c1..102 fg=Live bg=Selected bold
r22 c102..103 fg=Foreground
r22 c103..104 fg=Live
r23 c0..1 fg=Foreground
r23 c1..102 fg=Muted
r23 c102..103 fg=Foreground
r23 c103..104 fg=Border

== light-truecolor
Codewhale / whale
Dark theme

Build with the colors already in Codewhale.


 Stage               Panel                Raised               Chrome               Selected



 Working                   Completed                 Needs you                 Failed

 Work                              Plan                               Operate

 Ask                               Auto review                        Full access

Keep the work visible. Stay in control.


────────────────────────────────────────────────────────────────────────────────────────────────────────
  Tasks 3    Fleet 2    Jobs 1    Files 3    Notes 2    Context    Git    Cost                    Esc ×
 Goal: Make the work dock reusable                                                 TODO · 1/3 · 2 left
 2 · ● Extract the native work dock                                                        in progress ┃
                                                                                              ↓ 1 more │
---
r0 c0..17 fg=Foreground bold
r0 c17..104 fg=Foreground
r1 c0..10 fg=Muted
r1 c10..104 fg=Foreground
r2 c0..104 fg=Foreground
r3 c0..104 fg=Foreground
r4 c0..104 fg=Foreground
r5 c0..41 fg=Foreground
r5 c41..62 fg=Foreground bg=Hover
r5 c62..83 fg=Foreground
r5 c83..104 fg=Foreground bg=Selected
r6 c0..41 fg=Foreground
r6 c41..62 fg=Foreground bg=Hover
r6 c62..83 fg=Foreground
r6 c83..104 fg=Foreground bg=Selected
r7 c0..41 fg=Foreground
r7 c41..62 fg=Foreground bg=Hover
r7 c62..83 fg=Foreground
r7 c83..104 fg=Foreground bg=Selected
r8 c0..104 fg=Foreground
r9 c0..104 fg=Foreground
r10 c0..1 fg=Foreground
r10 c1..8 fg=Live
r10 c8..27 fg=Foreground
r10 c27..36 fg=#9bd66f
r10 c36..53 fg=Foreground
r10 c53..62 fg=#ff7a59
r10 c62..79 fg=Foreground
r10 c79..85 fg=Danger
r10 c85..104 fg=Foreground
r11 c0..104 fg=Foreground
r12 c0..1 fg=Foreground
r12 c1..5 fg=#7eb4e8
r12 c5..35 fg=Foreground
r12 c35..39 fg=#b9dcec
r12 c39..70 fg=Foreground
r12 c70..77 fg=#ad88ff
r12 c77..104 fg=Foreground
r13 c0..104 fg=Foreground
r14 c0..1 fg=Foreground
r14 c1..4 fg=#e09948
r14 c4..35 fg=Foreground
r14 c35..46 fg=Attention
r14 c46..70 fg=Foreground
r14 c70..81 fg=#ff7a59
r14 c81..104 fg=Foreground
r15 c0..104 fg=Foreground
r16 c0..39 fg=BorderStrong
r16 c39..104 fg=Foreground
r17 c0..104 fg=Foreground
r18 c0..104 fg=Foreground
r19 c0..104 fg=Border
r20 c0..1 fg=Foreground
r20 c1..10 fg=Foreground bg=Selected bold
r20 c10..12 fg=Foreground
r20 c12..21 fg=Muted
r20 c21..23 fg=Foreground
r20 c23..31 fg=Muted
r20 c31..33 fg=Foreground
r20 c33..42 fg=Muted
r20 c42..44 fg=Foreground
r20 c44..53 fg=Muted
r20 c53..55 fg=Foreground
r20 c55..64 fg=Muted
r20 c64..66 fg=Foreground
r20 c66..71 fg=Muted
r20 c71..73 fg=Foreground
r20 c73..79 fg=Muted
r20 c79..97 fg=Foreground
r20 c97..104 fg=Hint|Dim
r21 c0..1 fg=Foreground
r21 c1..34 fg=Live bold
r21 c34..102 fg=Muted
r21 c102..104 fg=Foreground
r22 c0..1 fg=Foreground
r22 c1..102 fg=Live bg=Selected bold
r22 c102..103 fg=Foreground
r22 c103..104 fg=Live
r23 c0..1 fg=Foreground
r23 c1..102 fg=Muted
r23 c102..103 fg=Foreground
r23 c103..104 fg=Border

== dark-256
Codewhale / whale
Dark theme

Build with the colors already in Codewhale.


 Stage               Panel                Raised               Chrome               Selected



 Working                   Completed                 Needs you                 Failed

 Work                              Plan                               Operate

 Ask                               Auto review                        Full access

Keep the work visible. Stay in control.


────────────────────────────────────────────────────────────────────────────────────────────────────────
  Tasks 3    Fleet 2    Jobs 1    Files 3    Notes 2    Context    Git    Cost                    Esc ×
 Goal: Make the work dock reusable                                                 TODO · 1/3 · 2 left
 2 · ● Extract the native work dock                                                        in progress ┃
                                                                                              ↓ 1 more │
---
r0 c0..17 fg=Foreground bold
r0 c17..104 fg=Foreground
r1 c0..10 fg=Muted
r1 c10..104 fg=Foreground
r2 c0..104 fg=Foreground
r3 c0..104 fg=Foreground
r4 c0..104 fg=Foreground
r5 c0..41 fg=Foreground
r5 c41..62 fg=Foreground bg=Hover
r5 c62..83 fg=Foreground
r5 c83..104 fg=Foreground bg=Selected
r6 c0..41 fg=Foreground
r6 c41..62 fg=Foreground bg=Hover
r6 c62..83 fg=Foreground
r6 c83..104 fg=Foreground bg=Selected
r7 c0..41 fg=Foreground
r7 c41..62 fg=Foreground bg=Hover
r7 c62..83 fg=Foreground
r7 c83..104 fg=Foreground bg=Selected
r8 c0..104 fg=Foreground
r9 c0..104 fg=Foreground
r10 c0..1 fg=Foreground
r10 c1..8 fg=Live
r10 c8..27 fg=Foreground
r10 c27..36 fg=idx113
r10 c36..53 fg=Foreground
r10 c53..62 fg=idx209
r10 c62..79 fg=Foreground
r10 c79..85 fg=Danger
r10 c85..104 fg=Foreground
r11 c0..104 fg=Foreground
r12 c0..1 fg=Foreground
r12 c1..5 fg=idx110
r12 c5..35 fg=Foreground
r12 c35..39 fg=idx153
r12 c39..70 fg=Foreground
r12 c70..77 fg=idx141
r12 c77..104 fg=Foreground
r13 c0..104 fg=Foreground
r14 c0..1 fg=Foreground
r14 c1..4 fg=idx173
r14 c4..35 fg=Foreground
r14 c35..46 fg=Attention
r14 c46..70 fg=Foreground
r14 c70..81 fg=idx209
r14 c81..104 fg=Foreground
r15 c0..104 fg=Foreground
r16 c0..39 fg=BorderStrong
r16 c39..104 fg=Foreground
r17 c0..104 fg=Foreground
r18 c0..104 fg=Foreground
r19 c0..104 fg=Border
r20 c0..1 fg=Foreground
r20 c1..10 fg=Foreground bg=Selected bold
r20 c10..12 fg=Foreground
r20 c12..21 fg=Muted
r20 c21..23 fg=Foreground
r20 c23..31 fg=Muted
r20 c31..33 fg=Foreground
r20 c33..42 fg=Muted
r20 c42..44 fg=Foreground
r20 c44..53 fg=Muted
r20 c53..55 fg=Foreground
r20 c55..64 fg=Muted
r20 c64..66 fg=Foreground
r20 c66..71 fg=Muted
r20 c71..73 fg=Foreground
r20 c73..79 fg=Muted
r20 c79..97 fg=Foreground
r20 c97..104 fg=Hint|Dim
r21 c0..1 fg=Foreground
r21 c1..34 fg=Live bold
r21 c34..102 fg=Muted
r21 c102..104 fg=Foreground
r22 c0..1 fg=Foreground
r22 c1..102 fg=Live bg=Selected bold
r22 c102..103 fg=Foreground
r22 c103..104 fg=Live
r23 c0..1 fg=Foreground
r23 c1..102 fg=Muted
r23 c102..103 fg=Foreground
r23 c103..104 fg=Border

== light-256
Codewhale / whale
Dark theme

Build with the colors already in Codewhale.


 Stage               Panel                Raised               Chrome               Selected



 Working                   Completed                 Needs you                 Failed

 Work                              Plan                               Operate

 Ask                               Auto review                        Full access

Keep the work visible. Stay in control.


────────────────────────────────────────────────────────────────────────────────────────────────────────
  Tasks 3    Fleet 2    Jobs 1    Files 3    Notes 2    Context    Git    Cost                    Esc ×
 Goal: Make the work dock reusable                                                 TODO · 1/3 · 2 left
 2 · ● Extract the native work dock                                                        in progress ┃
                                                                                              ↓ 1 more │
---
r0 c0..17 fg=Foreground bold
r0 c17..104 fg=Foreground
r1 c0..10 fg=Muted
r1 c10..104 fg=Foreground
r2 c0..104 fg=Foreground
r3 c0..104 fg=Foreground
r4 c0..104 fg=Foreground
r5 c0..41 fg=Foreground
r5 c41..62 fg=Foreground bg=Hover
r5 c62..83 fg=Foreground
r5 c83..104 fg=Foreground bg=Selected
r6 c0..41 fg=Foreground
r6 c41..62 fg=Foreground bg=Hover
r6 c62..83 fg=Foreground
r6 c83..104 fg=Foreground bg=Selected
r7 c0..41 fg=Foreground
r7 c41..62 fg=Foreground bg=Hover
r7 c62..83 fg=Foreground
r7 c83..104 fg=Foreground bg=Selected
r8 c0..104 fg=Foreground
r9 c0..104 fg=Foreground
r10 c0..1 fg=Foreground
r10 c1..8 fg=Live
r10 c8..27 fg=Foreground
r10 c27..36 fg=idx113
r10 c36..53 fg=Foreground
r10 c53..62 fg=idx209
r10 c62..79 fg=Foreground
r10 c79..85 fg=Danger
r10 c85..104 fg=Foreground
r11 c0..104 fg=Foreground
r12 c0..1 fg=Foreground
r12 c1..5 fg=idx110
r12 c5..35 fg=Foreground
r12 c35..39 fg=idx153
r12 c39..70 fg=Foreground
r12 c70..77 fg=idx141
r12 c77..104 fg=Foreground
r13 c0..104 fg=Foreground
r14 c0..1 fg=Foreground
r14 c1..4 fg=idx173
r14 c4..35 fg=Foreground
r14 c35..46 fg=Attention
r14 c46..70 fg=Foreground
r14 c70..81 fg=idx209
r14 c81..104 fg=Foreground
r15 c0..104 fg=Foreground
r16 c0..39 fg=BorderStrong
r16 c39..104 fg=Foreground
r17 c0..104 fg=Foreground
r18 c0..104 fg=Foreground
r19 c0..104 fg=Border
r20 c0..1 fg=Foreground
r20 c1..10 fg=Foreground bg=Selected bold
r20 c10..12 fg=Foreground
r20 c12..21 fg=Muted
r20 c21..23 fg=Foreground
r20 c23..31 fg=Muted
r20 c31..33 fg=Foreground
r20 c33..42 fg=Muted
r20 c42..44 fg=Foreground
r20 c44..53 fg=Muted
r20 c53..55 fg=Foreground
r20 c55..64 fg=Muted
r20 c64..66 fg=Foreground
r20 c66..71 fg=Muted
r20 c71..73 fg=Foreground
r20 c73..79 fg=Muted
r20 c79..97 fg=Foreground
r20 c97..104 fg=Hint|Dim
r21 c0..1 fg=Foreground
r21 c1..34 fg=Live bold
r21 c34..102 fg=Muted
r21 c102..104 fg=Foreground
r22 c0..1 fg=Foreground
r22 c1..102 fg=Live bg=Selected bold
r22 c102..103 fg=Foreground
r22 c103..104 fg=Live
r23 c0..1 fg=Foreground
r23 c1..102 fg=Muted
r23 c102..103 fg=Foreground
r23 c103..104 fg=Border

== ansi-16
Codewhale / whale
Dark theme

Build with the colors already in Codewhale.


 Stage               Panel                Raised               Chrome               Selected



 Working                   Completed                 Needs you                 Failed

 Work                              Plan                               Operate

 Ask                               Auto review                        Full access

Keep the work visible. Stay in control.


────────────────────────────────────────────────────────────────────────────────────────────────────────
  Tasks 3    Fleet 2    Jobs 1    Files 3    Notes 2    Context    Git    Cost                    Esc ×
 Goal: Make the work dock reusable                                                 TODO · 1/3 · 2 left
 2 · ● Extract the native work dock                                                        in progress ┃
                                                                                              ↓ 1 more │
---
r0 c0..17 bold
r1 c0..10 dim
r10 c1..8 fg=Live
r10 c27..36 fg=Live
r10 c53..62 fg=Attention
r10 c79..85 fg=Danger
r12 c1..5 fg=Primary
r12 c35..39 fg=Primary
r12 c70..77 fg=Primary
r14 c1..4 fg=Attention
r14 c35..46 fg=Attention
r14 c70..81 fg=Attention
r16 c0..39 dim
r19 c0..104 dim
r20 c1..10 bold
r20 c12..21 dim
r20 c23..31 dim
r20 c33..42 dim
r20 c44..53 dim
r20 c55..64 dim
r20 c66..71 dim
r20 c73..79 dim
r20 c97..104 dim
r21 c1..34 fg=Live bold
r21 c34..102 dim
r22 c1..102 fg=Live bold
r22 c103..104 fg=Live
r23 c1..102 dim
r23 c103..104 dim

== unknown-ground
Codewhale / whale
Dark theme

Build with the colors already in Codewhale.


 Stage               Panel                Raised               Chrome               Selected



 Working                   Completed                 Needs you                 Failed

 Work                              Plan                               Operate

 Ask                               Auto review                        Full access

Keep the work visible. Stay in control.


────────────────────────────────────────────────────────────────────────────────────────────────────────
  Tasks 3    Fleet 2    Jobs 1    Files 3    Notes 2    Context    Git    Cost                    Esc ×
 Goal: Make the work dock reusable                                                 TODO · 1/3 · 2 left
 2 · ● Extract the native work dock                                                        in progress ┃
                                                                                              ↓ 1 more │
---
r0 c0..17 bold
r1 c0..10 dim
r10 c1..8 fg=Live
r10 c27..36 fg=Live
r10 c53..62 fg=Attention
r10 c79..85 fg=Danger
r12 c1..5 fg=Primary
r12 c35..39 fg=Primary
r12 c70..77 fg=Primary
r14 c1..4 fg=Attention
r14 c35..46 fg=Attention
r14 c70..81 fg=Attention
r16 c0..39 dim
r19 c0..104 dim
r20 c1..10 bold
r20 c12..21 dim
r20 c23..31 dim
r20 c33..42 dim
r20 c44..53 dim
r20 c55..64 dim
r20 c66..71 dim
r20 c73..79 dim
r20 c97..104 dim
r21 c1..34 fg=Live bold
r21 c34..102 dim
r22 c1..102 fg=Live bold
r22 c103..104 fg=Live
r23 c1..102 dim
r23 c103..104 dim

== no-color
Codewhale / whale
Dark theme

Build with the colors already in Codewhale.


 Stage               Panel                Raised               Chrome               Selected



 Working                   Completed                 Needs you                 Failed

 Work                              Plan                               Operate

 Ask                               Auto review                        Full access

Keep the work visible. Stay in control.


────────────────────────────────────────────────────────────────────────────────────────────────────────
  Tasks 3    Fleet 2    Jobs 1    Files 3    Notes 2    Context    Git    Cost                    Esc ×
 Goal: Make the work dock reusable                                                 TODO · 1/3 · 2 left
 2 · ● Extract the native work dock                                                        in progress ┃
                                                                                              ↓ 1 more │
---
r0 c0..17 bold
r1 c0..10 dim
r16 c0..39 dim
r19 c0..104 dim
r20 c1..10 bold
r20 c12..21 dim
r20 c23..31 dim
r20 c33..42 dim
r20 c44..53 dim
r20 c55..64 dim
r20 c66..71 dim
r20 c73..79 dim
r20 c97..104 dim
r21 c1..34 bold
r21 c34..102 dim
r22 c1..102 bold
r23 c1..102 dim
r23 c103..104 dim

== ascii
Codewhale / whale
Dark theme

Build with the colors already in Codewhale.


 Stage               Panel                Raised               Chrome               Selected



 Working                   Completed                 Needs you                 Failed

 Work                              Plan                               Operate

 Ask                               Auto review                        Full access

Keep the work visible. Stay in control.


--------------------------------------------------------------------------------------------------------
  Tasks 3    Fleet 2    Jobs 1    Files 3    Notes 2    Context    Git    Cost                    Esc X
 Goal: Make the work dock reusable                                                 TODO . 1/3 . 2 left
 2 . . Extract the native work dock                                                        in progress |
                                                                                              v 1 more |
---
r0 c0..17 bold
r1 c0..10 dim
r16 c0..39 dim
r19 c0..104 dim
r20 c1..10 bold
r20 c12..21 dim
r20 c23..31 dim
r20 c33..42 dim
r20 c44..53 dim
r20 c55..64 dim
r20 c66..71 dim
r20 c73..79 dim
r20 c97..104 dim
r21 c1..34 bold
r21 c34..102 dim
r22 c1..102 bold
r23 c1..102 dim
r23 c103..104 dim
